// Jest Snapshot v1, https://goo.gl/fbAQLP

exports[`useValidator returns a valid htmlValidate instance 1`] = `
[
  {
    "errorCount": 1,
    "filePath": "inline",
    "messages": [
      {
        "column": 42,
        "context": {
          "ancestor": "<a>",
          "child": "<a>",
          "kind": "descendant",
        },
        "line": 1,
        "message": "<a> element is not permitted as a descendant of <a>",
        "offset": 41,
        "ruleId": "element-permitted-content",
        "ruleUrl": "https://html-validate.org/rules/element-permitted-content.html",
        "selector": "body > a > a",
        "severity": 2,
        "size": 1,
      },
    ],
    "source": "<!DOCTYPE html><title>x</title><body><a><a>Test</a></a></body>",
    "warningCount": 0,
  },
]
`;
